BL51 BANKED LINKER/LOCATER V6.22.4.0                                                    07/13/2026  17:35:38  PAGE 1


BL51 BANKED LINKER/LOCATER V6.22.4.0, INVOKED BY:
C:\KEIL_V5\C51\BIN\BL51.EXE .\Release\Objects\STARTUP.obj, .\Release\Objects\system.obj, .\Release\Objects\main.obj, .\R
>> elease\Objects\pwm.obj, .\Release\Objects\adc.obj, .\Release\Objects\time0.obj, .\Release\Objects\debug.obj, .\Releas
>> e\Objects\timer1.obj, .\Release\Objects\timer2.obj, .\Release\Objects\knob_dimming.obj, .\Release\Objects\rf_recv.obj
>> , .\Release\Objects\key_driver.obj, .\Release\Objects\flash.obj, .\Release\Objects\fan_ctl.obj, .\Release\Objects\tim
>> er3.obj, .\Release\Objects\engine.obj, .\Release\Objects\power_on.obj TO .\Release\Objects\Demo PRINT (.\Release\List
>> ings\Demo.m51) RAMSIZE (256) CODE (0X0000-0X3EEF) XDATA (0X6000-0X66FF)


MEMORY MODEL: LARGE


INPUT MODULES INCLUDED:
  .\Release\Objects\STARTUP.obj (?C_STARTUP)
  .\Release\Objects\system.obj (SYSTEM)
  .\Release\Objects\main.obj (MAIN)
  .\Release\Objects\pwm.obj (PWM)
  .\Release\Objects\adc.obj (ADC)
  .\Release\Objects\time0.obj (TIME0)
  .\Release\Objects\debug.obj (DEBUG)
  .\Release\Objects\timer1.obj (TIMER1)
  .\Release\Objects\timer2.obj (TIMER2)
  .\Release\Objects\knob_dimming.obj (KNOB_DIMMING)
  .\Release\Objects\rf_recv.obj (RF_RECV)
  .\Release\Objects\key_driver.obj (KEY_DRIVER)
  .\Release\Objects\flash.obj (FLASH)
  .\Release\Objects\fan_ctl.obj (FAN_CTL)
  .\Release\Objects\timer3.obj (TIMER3)
  .\Release\Objects\engine.obj (ENGINE)
  .\Release\Objects\power_on.obj (POWER_ON)
  C:\KEIL_V5\C51\LIB\C51L.LIB (?C_INIT)
  C:\KEIL_V5\C51\LIB\C51L.LIB (?C?CLDPTR)
  C:\KEIL_V5\C51\LIB\C51L.LIB (?C?CLDOPTR)
  C:\KEIL_V5\C51\LIB\C51L.LIB (?C?CILDOPTR)
  C:\KEIL_V5\C51\LIB\C51L.LIB (?C?CSTOPTR)
  C:\KEIL_V5\C51\LIB\C51L.LIB (?C?ULDIV)
  C:\KEIL_V5\C51\LIB\C51L.LIB (?C?ULCMP)
  C:\KEIL_V5\C51\LIB\C51L.LIB (?C?ULSHR)
  C:\KEIL_V5\C51\LIB\C51L.LIB (?C?LSHL)
  C:\KEIL_V5\C51\LIB\C51L.LIB (?C?LSTXDATA)
  C:\KEIL_V5\C51\LIB\C51L.LIB (?C?LSTKXDATA)
  C:\KEIL_V5\C51\LIB\C51L.LIB (?C?PLDOPTR)
  C:\KEIL_V5\C51\LIB\C51L.LIB (?C?CCASE)
  C:\KEIL_V5\C51\LIB\C51L.LIB (?C?ICALL)
  C:\KEIL_V5\C51\LIB\C51L.LIB (?C?LIMUL)
  C:\KEIL_V5\C51\LIB\C51L.LIB (?C?PLDIDATA)
  C:\KEIL_V5\C51\LIB\C51L.LIB (?C?PLDXDATA)
  C:\KEIL_V5\C51\LIB\C51L.LIB (?C?PLDPDATA)
  C:\KEIL_V5\C51\LIB\C51L.LIB (?C?PLDCODE)


LINK MAP OF MODULE:  .\Release\Objects\Demo (?C_STARTUP)


            TYPE    BASE      LENGTH    RELOCATION   SEGMENT NAME
            -----------------------------------------------------

            * * * * * * *   D A T A   M E M O R Y   * * * * * * *
BL51 BANKED LINKER/LOCATER V6.22.4.0                                                  07/13/2026  17:35:38  PAGE 2


            REG     0000H     0008H     ABSOLUTE     "REG BANK 0"
                    0008H     0018H                  *** GAP ***
            BIT     0020H.0   0000H.5   UNIT         ?BI?TIMER2
            BIT     0020H.5   0000H.2   UNIT         ?BI?ADC
            BIT     0020H.7   0000H.2   UNIT         ?BI?ENGINE
            BIT     0021H.1   0000H.2   UNIT         ?BI?POWER_ON
            BIT     0021H.3   0000H.1   UNIT         ?BI?RF_RECV
                    0021H.4   0000H.4                *** GAP ***
            IDATA   0022H     0001H     UNIT         ?STACK

            * * * * * * *  X D A T A   M E M O R Y  * * * * * * *
                    0000H     6000H                  *** GAP ***
            XDATA   6000H     0268H     UNIT         ?XD?ENGINE
            XDATA   6268H     003FH     UNIT         ?XD?RF_RECV
            XDATA   62A7H     0038H     UNIT         ?XD?ADC
            XDATA   62DFH     0014H     UNIT         ?XD?PWM
            XDATA   62F3H     000FH     UNIT         ?XD?TIMER2
            XDATA   6302H     000AH     UNIT         _XDATA_GROUP_
            XDATA   630CH     0008H     UNIT         ?XD?POWER_ON
            XDATA   6314H     0004H     UNIT         ?XD?TIME0
            XDATA   6318H     0004H     UNIT         ?XD?TIMER1
            XDATA   631CH     0004H     UNIT         ?XD?KEY_DRIVER
            XDATA   6320H     0002H     UNIT         ?XD?TIMER3

            * * * * * * *   C O D E   M E M O R Y   * * * * * * *
            CODE    0000H     0003H     ABSOLUTE     
            CODE    0003H     000CH     ABSOLUTE     
            CODE    000FH     000EH     UNIT         ?PR?PWM_CHANNEL_0_DISABLE?PWM
                    001DH     0001H                  *** GAP ***
            CODE    001EH     0003H     ABSOLUTE     
            CODE    0021H     0003H     ABSOLUTE     
            CODE    0024H     0003H     ABSOLUTE     
            CODE    0027H     0003H     ABSOLUTE     
            CODE    002AH     0018H     UNIT         ?PR?_DELAY_MS?SYSTEM
            CODE    0042H     0003H     ABSOLUTE     
            CODE    0045H     031CH     UNIT         ?PR?ACCORDING_PIN9_TO_ADJUST_PWM?ENGINE
            CODE    0361H     028DH     UNIT         ?C?LIB_CODE
            CODE    05EEH     020DH     UNIT         ?PR?TIMR2_IRQHANDLER?TIMER2
            CODE    07FBH     01D3H     UNIT         ?PR?_KEY_DRIVER_SCAN?KEY_DRIVER
            CODE    09CEH     017BH     UNIT         ?C_INITSEG
            CODE    0B49H     0142H     UNIT         ?PR?ADC_IRQHANDLER?ADC
            CODE    0C8BH     0112H     UNIT         ?PR?PWM_MODE_HANDLE?PWM
            CODE    0D9DH     00FEH     UNIT         ?PR?RF_KEY_HANDLE?RF_RECV
            CODE    0E9BH     00D9H     UNIT         ?PR?TIMR3_IRQHANDLER?TIMER3
            CODE    0F74H     00CFH     UNIT         ?PR?SYSTEM_INIT?SYSTEM
            CODE    1043H     00CAH     UNIT         ?PR?TEMPERATURE_SCAN?ADC
            CODE    110DH     00C8H     UNIT         ?PR?POWER_ON_HANDLE?POWER_ON
            CODE    11D5H     009DH     UNIT         ?PR?MAIN?MAIN
            CODE    1272H     009DH     UNIT         ?PR?PWM_INIT?PWM
            CODE    130FH     008EH     UNIT         ?PR?TIMR0_IRQHANDLER?TIME0
            CODE    139DH     008CH     UNIT         ?C_C51STARTUP
            CODE    1429H     0084H     UNIT         ?PR?ENGINE
            CODE    14ADH     0077H     UNIT         ?PR?RF_KEY_GET_KEY_ID?RF_RECV
            CODE    1524H     0072H     UNIT         ?PR?_GET_PWM_CHANNEL_X_ADJUST_DUTY?PWM
            CODE    1596H     006CH     UNIT         ?PR?POWER_ON
            CODE    1602H     006BH     UNIT         ?PR?PWM
            CODE    166DH     0055H     UNIT         ?PR?TIMR1_IRQHANDLER?TIMER1
BL51 BANKED LINKER/LOCATER V6.22.4.0                                                  07/13/2026  17:35:38  PAGE 3


            CODE    16C2H     004AH     UNIT         ?PR?TIMER2
            CODE    170CH     003FH     UNIT         ?PR?_ADC_CHANNEL_SEL?ADC
            CODE    174BH     003EH     UNIT         ?PR?FAN_SCAN?ADC
            CODE    1789H     003CH     UNIT         ?PR?TMR1_CONFIG?TIMER1
            CODE    17C5H     0038H     UNIT         ?PR?_RF_KEY_GET_EVENT?RF_RECV
            CODE    17FDH     0036H     UNIT         ?PR?ADC
            CODE    1833H     0032H     UNIT         ?PR?SET_DUTY?ADC
            CODE    1865H     0027H     UNIT         ?PR?KEY_DRIVER
            CODE    188CH     0024H     UNIT         ?PR?FAN_CTL?FAN_CTL
            CODE    18B0H     0021H     UNIT         ?PR?TIMER3_CONFIG?TIMER3
            CODE    18D1H     0020H     UNIT         ?PR?TIMER2_CONFIG?TIMER2
            CODE    18F1H     0020H     UNIT         ?PR?RF_RECV
            CODE    1911H     001DH     UNIT         ?PR?ADC_PIN_CONFIG?ADC
            CODE    192EH     001BH     UNIT         ?PR?TMR0_CONFIG?TIME0
            CODE    1949H     0018H     UNIT         ?PR?GET_VOLTAGE_FROM_PIN?ADC
            CODE    1961H     0012H     UNIT         ?PR?ADC_CONFIG?ADC
            CODE    1973H     0012H     UNIT         ?PR?FAN_CTL_CONFIG?FAN_CTL
            CODE    1985H     0010H     UNIT         ?PR?TMR1_DISABLE?TIMER1
            CODE    1995H     000EH     UNIT         ?PR?PWM_CHANNEL_1_DISABLE?PWM
            CODE    19A3H     000DH     UNIT         ?PR?PWM_CHANNEL_0_ENABLE?PWM
            CODE    19B0H     000DH     UNIT         ?PR?PWM_CHANNEL_1_ENABLE?PWM
            CODE    19BDH     000DH     UNIT         ?PR?RF_RECV_INIT?RF_RECV
            CODE    19CAH     000CH     UNIT         ?PR?GET_PWM_CHANNEL_0_STATUS?PWM
            CODE    19D6H     000CH     UNIT         ?PR?GET_PWM_CHANNEL_1_STATUS?PWM
            CODE    19E2H     000CH     UNIT         ?PR?TMR1_ENABLE?TIMER1
            CODE    19EEH     000BH     UNIT         ?PR?_DELAY?SYSTEM
            CODE    19F9H     0009H     UNIT         ?PR?_SET_PWM_CHANNEL_0_DUTY?PWM
            CODE    1A02H     0009H     UNIT         ?PR?_SET_PWM_CHANNEL_1_DUTY?PWM
            CODE    1A0BH     0008H     UNIT         ?PR?MAIN
            CODE    1A13H     0008H     UNIT         ?PR?TIMER1
            CODE    1A1BH     0007H     UNIT         ?PR?TIMER3



OVERLAY MAP OF MODULE:   .\Release\Objects\Demo (?C_STARTUP)


SEGMENT                                           XDATA_GROUP
  +--> CALLED SEGMENT                           START    LENGTH
---------------------------------------------------------------
?C_C51STARTUP                                   -----    -----
  +--> ?PR?MAIN?MAIN
  +--> ?C_INITSEG

?PR?MAIN?MAIN                                   -----    -----
  +--> ?PR?SYSTEM_INIT?SYSTEM
  +--> ?PR?ADC_PIN_CONFIG?ADC
  +--> ?PR?ADC_CONFIG?ADC
  +--> ?PR?TMR0_CONFIG?TIME0
  +--> ?PR?PWM_INIT?PWM
  +--> ?PR?TMR1_CONFIG?TIMER1
  +--> ?PR?TIMER2_CONFIG?TIMER2
  +--> ?PR?TIMER3_CONFIG?TIMER3
  +--> ?PR?RF_RECV_INIT?RF_RECV
  +--> ?PR?FAN_CTL_CONFIG?FAN_CTL
  +--> ?PR?MAIN
  +--> ?PR?POWER_ON_HANDLE?POWER_ON
BL51 BANKED LINKER/LOCATER V6.22.4.0                                                  07/13/2026  17:35:38  PAGE 4


  +--> ?PR?TEMPERATURE_SCAN?ADC
  +--> ?PR?FAN_SCAN?ADC
  +--> ?PR?SET_DUTY?ADC
  +--> ?PR?_KEY_DRIVER_SCAN?KEY_DRIVER
  +--> ?PR?RF_KEY_HANDLE?RF_RECV
  +--> ?PR?_GET_PWM_CHANNEL_X_ADJUST_DUTY?PWM

?PR?SYSTEM_INIT?SYSTEM                          -----    -----
  +--> ?PR?_DELAY?SYSTEM
  +--> ?PR?_DELAY_MS?SYSTEM

?PR?_DELAY_MS?SYSTEM                            -----    -----
  +--> ?PR?_DELAY?SYSTEM

?PR?ADC_CONFIG?ADC                              -----    -----
  +--> ?PR?_DELAY_MS?SYSTEM

?PR?TMR1_CONFIG?TIMER1                          -----    -----
  +--> ?PR?TIMER1

?PR?POWER_ON_HANDLE?POWER_ON                    -----    -----
  +--> ?PR?POWER_ON
  +--> ?PR?_SET_PWM_CHANNEL_0_DUTY?PWM
  +--> ?PR?_SET_PWM_CHANNEL_1_DUTY?PWM

?PR?_SET_PWM_CHANNEL_0_DUTY?PWM                 -----    -----
  +--> ?PR?PWM

?PR?_SET_PWM_CHANNEL_1_DUTY?PWM                 -----    -----
  +--> ?PR?PWM

?PR?TEMPERATURE_SCAN?ADC                        6302H    0004H
  +--> ?PR?GET_VOLTAGE_FROM_PIN?ADC
  +--> ?PR?ADC
  +--> ?PR?TMR1_ENABLE?TIMER1
  +--> ?PR?TMR1_DISABLE?TIMER1

?PR?TMR1_ENABLE?TIMER1                          -----    -----
  +--> ?PR?TIMER1

?PR?TMR1_DISABLE?TIMER1                         -----    -----
  +--> ?PR?TIMER1

?PR?SET_DUTY?ADC                                -----    -----
  +--> ?PR?ACCORDING_PIN9_TO_ADJUST_PWM?ENGINE

?PR?ACCORDING_PIN9_TO_ADJUST_PWM?ENGINE         6302H    0008H
  +--> ?PR?ENGINE

?PR?_KEY_DRIVER_SCAN?KEY_DRIVER                 6302H    0003H
  +--> ?PR?KEY_DRIVER

?PR?RF_KEY_HANDLE?RF_RECV                       -----    -----
  +--> ?PR?_RF_KEY_GET_EVENT?RF_RECV
  +--> ?PR?PWM_MODE_HANDLE?PWM
  +--> ?PR?_GET_PWM_CHANNEL_X_ADJUST_DUTY?PWM
  +--> ?PR?_SET_PWM_CHANNEL_0_DUTY?PWM
BL51 BANKED LINKER/LOCATER V6.22.4.0                                                  07/13/2026  17:35:38  PAGE 5


  +--> ?PR?_SET_PWM_CHANNEL_1_DUTY?PWM

?PR?_RF_KEY_GET_EVENT?RF_RECV                   6302H    0001H
  +--> ?PR?RF_RECV

?PR?PWM_MODE_HANDLE?PWM                         -----    -----
  +--> ?PR?PWM

?PR?_GET_PWM_CHANNEL_X_ADJUST_DUTY?PWM          6302H    0006H
  +--> ?PR?PWM

?C_INITSEG                                      -----    -----
  +--> ?PR?RF_KEY_GET_KEY_ID?RF_RECV

?PR?RF_KEY_GET_KEY_ID?RF_RECV                   -----    -----
  +--> ?PR?RF_RECV

*** NEW ROOT ***************************************************

?PR?ADC_IRQHANDLER?ADC                          630AH    0002H
  +--> ?PR?ADC

*** NEW ROOT ***************************************************

?PR?TIMR2_IRQHANDLER?TIMER2                     -----    -----
  +--> ?PR?TIMER2
  +--> ?PR?_SET_PWM_CHANNEL_0_DUTY?PWM
  +--> ?PR?_SET_PWM_CHANNEL_1_DUTY?PWM

*** NEW ROOT ***************************************************

?PR?TIMR3_IRQHANDLER?TIMER3                     -----    -----
  +--> ?PR?_ADC_CHANNEL_SEL?ADC
  +--> ?PR?TIMER3

?PR?_ADC_CHANNEL_SEL?ADC                        -----    -----
  +--> ?PR?ADC



SYMBOL TABLE OF MODULE:  .\Release\Objects\Demo (?C_STARTUP)

  VALUE           TYPE          NAME
  ----------------------------------

  -------         MODULE        ?C_STARTUP
  C:139DH         SEGMENT       ?C_C51STARTUP
  I:0022H         SEGMENT       ?STACK
  C:0000H         PUBLIC        ?C_STARTUP
  D:00E0H         SYMBOL        ACC
  D:00F0H         SYMBOL        B
  D:0083H         SYMBOL        DPH
  D:0082H         SYMBOL        DPL
  N:0000H         SYMBOL        IBPSTACK
  N:0100H         SYMBOL        IBPSTACKTOP
  N:0080H         SYMBOL        IDATALEN
  C:13A0H         SYMBOL        IDATALOOP
BL51 BANKED LINKER/LOCATER V6.22.4.0                                                  07/13/2026  17:35:38  PAGE 6


  N:0000H         SYMBOL        PBPSTACK
  N:0100H         SYMBOL        PBPSTACKTOP
  N:0000H         SYMBOL        PDATALEN
  N:0000H         SYMBOL        PDATASTART
  N:0000H         SYMBOL        PPAGE
  N:0000H         SYMBOL        PPAGEENABLE
  D:00A0H         SYMBOL        PPAGE_SFR
  D:0081H         SYMBOL        SP
  C:139DH         SYMBOL        STARTUP1
  N:0000H         SYMBOL        XBPSTACK
  N:0000H         SYMBOL        XBPSTACKTOP
  N:0000H         SYMBOL        XDATALEN
  N:0000H         SYMBOL        XDATASTART
  C:0000H         LINE#         126
  C:139DH         LINE#         133
  C:139FH         LINE#         134
  C:13A0H         LINE#         135
  C:13A1H         LINE#         136
  C:13A3H         LINE#         185
  C:13A6H         LINE#         196
  -------         ENDMOD        ?C_STARTUP

  -------         MODULE        SYSTEM
  C:0000H         SYMBOL        _ICE_DUMMY_
  D:00A7H         PUBLIC        FLASH_TIMEREG0
  C:19EEH         PUBLIC        _delay
  D:00ACH         PUBLIC        FLASH_TIMEREG1
  C:0F74H         PUBLIC        system_init
  C:002AH         PUBLIC        _delay_ms
  -------         PROC          _DELAY
  D:0006H         SYMBOL        cnt
  C:19EEH         LINE#         37
  C:19EEH         LINE#         38
  C:19EEH         LINE#         39
  C:19F8H         LINE#         40
  C:19F8H         LINE#         41
  C:19F8H         LINE#         42
  -------         ENDPROC       _DELAY
  -------         PROC          _DELAY_MS
  D:0002H         SYMBOL        ms
  C:002AH         LINE#         49
  C:002EH         LINE#         50
  C:002EH         LINE#         51
  C:0038H         LINE#         52
  C:0038H         LINE#         53
  C:003FH         LINE#         54
  C:0041H         LINE#         55
  -------         ENDPROC       _DELAY_MS
  -------         PROC          SYSTEM_INIT
  -------         DO            
  D:0007H         SYMBOL        i
  -------         ENDDO         
  C:0F74H         LINE#         62
  C:0F74H         LINE#         63
  C:0F74H         LINE#         66
  C:0F7BH         LINE#         67
  C:0F88H         LINE#         68
BL51 BANKED LINKER/LOCATER V6.22.4.0                                                  07/13/2026  17:35:38  PAGE 7


  C:0F8BH         LINE#         69
  C:0F8EH         LINE#         70
  C:0F94H         LINE#         71
  C:0F9AH         LINE#         72
  C:0FA0H         LINE#         76
  C:0FA2H         LINE#         77
  C:0FA2H         LINE#         78
  C:0FAFH         LINE#         79
  C:0FB4H         LINE#         81
  C:1042H         LINE#         82
  -------         ENDPROC       SYSTEM_INIT
  -------         ENDMOD        SYSTEM

  -------         MODULE        MAIN
  C:0000H         SYMBOL        _ICE_DUMMY_
  C:11D5H         PUBLIC        main
  B:0090H.4       PUBLIC        P14
  D:00D9H         PUBLIC        WDT_KEY
  C:1A0BH         SYMBOL        Com0004
  C:1A0BH         SYMBOL        L?0005
  C:1A0BH         SYMBOL        L?0006
  -------         PROC          COM0004
  -------         ENDPROC       COM0004
  -------         PROC          MAIN
  C:11D5H         LINE#         59
  C:11D5H         LINE#         60
  C:11D5H         LINE#         62
  C:11D8H         LINE#         64
  C:11DBH         LINE#         67
  C:11DEH         LINE#         68
  C:11E5H         LINE#         69
  C:11E8H         LINE#         100
  C:11EBH         LINE#         101
  C:11EEH         LINE#         103
  C:11F1H         LINE#         104
  C:11F4H         LINE#         105
  C:11F7H         LINE#         107
  C:11FAH         LINE#         108
  C:11FDH         LINE#         110
  C:1200H         LINE#         111
  C:1203H         LINE#         113
  C:1209H         LINE#         114
  C:120DH         LINE#         115
  C:1212H         LINE#         116
  C:1214H         LINE#         120
  C:121AH         LINE#         121
  C:1220H         LINE#         122
  C:1226H         LINE#         125
  C:122CH         LINE#         126
  C:1232H         LINE#         127
  C:1235H         LINE#         129
  C:1235H         LINE#         130
  C:1235H         LINE#         132
  C:1238H         LINE#         133
  C:123BH         LINE#         134
  C:123EH         LINE#         136
  C:1247H         LINE#         137
BL51 BANKED LINKER/LOCATER V6.22.4.0                                                  07/13/2026  17:35:38  PAGE 8


  C:124AH         LINE#         140
  C:125DH         LINE#         141
  C:1270H         LINE#         146
  -------         ENDPROC       MAIN
  -------         ENDMOD        MAIN

  -------         MODULE        PWM
  C:0000H         SYMBOL        _ICE_DUMMY_
  X:62DFH         PUBLIC        pwm_brightness_lev
  C:1524H         PUBLIC        _get_pwm_channel_x_adjust_duty
  X:62E0H         PUBLIC        expect_adjust_pwm_channel_0_duty
  X:62E2H         PUBLIC        expect_adjust_pwm_channel_1_duty
  C:0C8BH         PUBLIC        pwm_mode_handle
  B:0090H.5       PUBLIC        P15
  B:0090H.6       PUBLIC        P16
  X:62E4H         PUBLIC        adjust_pwm_channel_0_duty
  X:62E6H         PUBLIC        adjust_pwm_channel_1_duty
  X:62E8H         PUBLIC        limited_pwm_duty_due_to_temp
  C:19CAH         PUBLIC        get_pwm_channel_0_status
  C:19D6H         PUBLIC        get_pwm_channel_1_status
  X:62EAH         PUBLIC        limited_pwm_duty_due_to_unstable_engine
  C:000FH         PUBLIC        pwm_channel_0_disable
  X:62ECH         PUBLIC        pwm_mode
  C:1995H         PUBLIC        pwm_channel_1_disable
  C:1272H         PUBLIC        pwm_init
  C:19A3H         PUBLIC        pwm_channel_0_enable
  C:19B0H         PUBLIC        pwm_channel_1_enable
  X:62EDH         PUBLIC        limited_pwm_duty_due_to_fan_err
  X:62EFH         PUBLIC        cur_pwm_channel_0_duty
  X:62F1H         PUBLIC        cur_pwm_channel_1_duty
  C:19F9H         PUBLIC        _set_pwm_channel_0_duty
  C:1A02H         PUBLIC        _set_pwm_channel_1_duty
  C:1602H         SYMBOL        Com002D
  C:1602H         SYMBOL        L?0046
  C:160CH         SYMBOL        L?0047
  C:1623H         SYMBOL        L?0048
  C:162BH         SYMBOL        L?0049
  C:162CH         SYMBOL        L?0050
  C:165AH         SYMBOL        L?0051
  C:165AH         SYMBOL        L?0052
  C:1662H         SYMBOL        L?0053
  -------         PROC          COM002D
  -------         ENDPROC       COM002D
  -------         PROC          PWM_INIT
  C:1272H         LINE#         25
  C:1272H         LINE#         26
  C:1272H         LINE#         27
  C:1278H         LINE#         29
  C:127DH         LINE#         30
  C:1282H         LINE#         31
  C:1286H         LINE#         32
  C:128AH         LINE#         33
  C:128CH         LINE#         34
  C:1292H         LINE#         36
  C:1298H         LINE#         37
  C:129EH         LINE#         38
  C:12A4H         LINE#         39
BL51 BANKED LINKER/LOCATER V6.22.4.0                                                  07/13/2026  17:35:38  PAGE 9


  C:12AAH         LINE#         40
  C:12B0H         LINE#         42
  C:12B6H         LINE#         43
  C:12BAH         LINE#         44
  C:12C0H         LINE#         47
  C:12C6H         LINE#         48
  C:12CBH         LINE#         49
  C:12D0H         LINE#         50
  C:12D4H         LINE#         51
  C:12D8H         LINE#         52
  C:12DAH         LINE#         53
  C:12E0H         LINE#         55
  C:12E6H         LINE#         56
  C:12ECH         LINE#         57
  C:12F2H         LINE#         58
  C:12F8H         LINE#         59
  C:12FEH         LINE#         66
  C:1304H         LINE#         67
  C:1308H         LINE#         68
  C:130EH         LINE#         70
  -------         ENDPROC       PWM_INIT
  -------         PROC          _SET_PWM_CHANNEL_0_DUTY
  D:0004H         SYMBOL        channel_duty
  C:19F9H         LINE#         73
  C:19F9H         LINE#         74
  C:19F9H         LINE#         75
  C:19FBH         LINE#         76
  C:19FBH         LINE#         77
  C:1A01H         LINE#         78
  -------         ENDPROC       _SET_PWM_CHANNEL_0_DUTY
  -------         PROC          _SET_PWM_CHANNEL_1_DUTY
  D:0004H         SYMBOL        channel_duty
  C:1A02H         LINE#         81
  C:1A02H         LINE#         82
  C:1A02H         LINE#         83
  C:1A04H         LINE#         84
  C:1A04H         LINE#         85
  C:1A0AH         LINE#         86
  -------         ENDPROC       _SET_PWM_CHANNEL_1_DUTY
  -------         PROC          GET_PWM_CHANNEL_0_STATUS
  C:19CAH         LINE#         107
  C:19CAH         LINE#         108
  C:19CAH         LINE#         109
  C:19D0H         LINE#         110
  C:19D0H         LINE#         111
  C:19D3H         LINE#         112
  C:19D3H         LINE#         114
  C:19D3H         LINE#         115
  C:19D5H         LINE#         116
  C:19D5H         LINE#         117
  -------         ENDPROC       GET_PWM_CHANNEL_0_STATUS
  -------         PROC          GET_PWM_CHANNEL_1_STATUS
  C:19D6H         LINE#         124
  C:19D6H         LINE#         125
  C:19D6H         LINE#         126
  C:19DCH         LINE#         127
  C:19DCH         LINE#         128
BL51 BANKED LINKER/LOCATER V6.22.4.0                                                  07/13/2026  17:35:38  PAGE 10


  C:19DFH         LINE#         129
  C:19DFH         LINE#         131
  C:19DFH         LINE#         132
  C:19E1H         LINE#         133
  C:19E1H         LINE#         134
  -------         ENDPROC       GET_PWM_CHANNEL_1_STATUS
  -------         PROC          PWM_CHANNEL_0_ENABLE
  C:19A3H         LINE#         136
  C:19A3H         LINE#         137
  C:19A3H         LINE#         139
  C:19A9H         LINE#         140
  C:19AFH         LINE#         141
  -------         ENDPROC       PWM_CHANNEL_0_ENABLE
  -------         PROC          PWM_CHANNEL_0_DISABLE
  C:000FH         LINE#         143
  C:000FH         LINE#         144
  C:000FH         LINE#         145
  C:0014H         LINE#         146
  C:0016H         LINE#         149
  C:001CH         LINE#         150
  -------         ENDPROC       PWM_CHANNEL_0_DISABLE
  -------         PROC          PWM_CHANNEL_1_ENABLE
  C:19B0H         LINE#         152
  C:19B0H         LINE#         153
  C:19B0H         LINE#         155
  C:19B6H         LINE#         160
  C:19BCH         LINE#         162
  -------         ENDPROC       PWM_CHANNEL_1_ENABLE
  -------         PROC          PWM_CHANNEL_1_DISABLE
  C:1995H         LINE#         164
  C:1995H         LINE#         165
  C:1995H         LINE#         170
  C:199AH         LINE#         171
  C:199CH         LINE#         175
  C:19A2H         LINE#         176
  -------         ENDPROC       PWM_CHANNEL_1_DISABLE
  -------         PROC          _GET_PWM_CHANNEL_X_ADJUST_DUTY
  X:6302H         SYMBOL        pwm_adjust_duty
  -------         DO            
  X:6304H         SYMBOL        tmp_pwm_duty
  X:6306H         SYMBOL        limited_pwm_duty_val
  -------         ENDDO         
  C:1524H         LINE#         189
  C:152CH         LINE#         190
  C:152CH         LINE#         195
  C:1532H         LINE#         201
  C:1540H         LINE#         202
  C:1540H         LINE#         203
  C:1546H         LINE#         204
  C:154BH         LINE#         205
  C:154BH         LINE#         206
  C:1550H         LINE#         207
  C:1550H         LINE#         208
  C:1550H         LINE#         210
  C:155EH         LINE#         211
  C:155EH         LINE#         212
  C:1564H         LINE#         213
BL51 BANKED LINKER/LOCATER V6.22.4.0                                                  07/13/2026  17:35:38  PAGE 11


  C:1569H         LINE#         214
  C:1569H         LINE#         215
  C:156EH         LINE#         216
  C:156EH         LINE#         217
  C:156EH         LINE#         219
  C:157CH         LINE#         220
  C:157CH         LINE#         221
  C:1583H         LINE#         222
  C:1588H         LINE#         223
  C:1588H         LINE#         224
  C:158DH         LINE#         225
  C:158DH         LINE#         226
  C:158DH         LINE#         229
  C:1595H         LINE#         230
  -------         ENDPROC       _GET_PWM_CHANNEL_X_ADJUST_DUTY
  -------         PROC          PWM_MODE_HANDLE
  C:0C8BH         LINE#         239
  C:0C8BH         LINE#         240
  C:0C8BH         LINE#         241
  C:0CA5H         LINE#         242
  C:0CA5H         LINE#         243
  C:0CA5H         LINE#         244
  C:0CA5H         LINE#         245
  C:0CAFH         LINE#         246
  C:0CB9H         LINE#         247
  C:0CB9H         LINE#         248
  C:0CBBH         LINE#         250
  C:0CBBH         LINE#         251
  C:0CBBH         LINE#         252
  C:0CC5H         LINE#         253
  C:0CCFH         LINE#         254
  C:0CCFH         LINE#         255
  C:0CD1H         LINE#         257
  C:0CD1H         LINE#         258
  C:0CD1H         LINE#         259
  C:0CDBH         LINE#         260
  C:0CE5H         LINE#         261
  C:0CE5H         LINE#         262
  C:0CE7H         LINE#         264
  C:0CE7H         LINE#         265
  C:0CE7H         LINE#         267
  C:0CF1H         LINE#         268
  C:0CF8H         LINE#         269
  C:0CF8H         LINE#         270
  C:0CFAH         LINE#         272
  C:0CFAH         LINE#         273
  C:0CFAH         LINE#         275
  C:0D04H         LINE#         276
  C:0D0EH         LINE#         277
  C:0D0EH         LINE#         278
  C:0D10H         LINE#         280
  C:0D10H         LINE#         281
  C:0D10H         LINE#         283
  C:0D17H         LINE#         284
  C:0D21H         LINE#         285
  C:0D21H         LINE#         286
  C:0D21H         LINE#         289
BL51 BANKED LINKER/LOCATER V6.22.4.0                                                  07/13/2026  17:35:38  PAGE 12


  C:0D21H         LINE#         290
  C:0D21H         LINE#         292
  C:0D21H         LINE#         293
  C:0D21H         LINE#         294
  C:0D21H         LINE#         296
  C:0D39H         LINE#         297
  C:0D39H         LINE#         298
  C:0D39H         LINE#         299
  C:0D3BH         LINE#         300
  C:0D40H         LINE#         301
  C:0D43H         LINE#         303
  C:0D43H         LINE#         304
  C:0D45H         LINE#         305
  C:0D4AH         LINE#         306
  C:0D4DH         LINE#         308
  C:0D4DH         LINE#         309
  C:0D55H         LINE#         310
  C:0D5AH         LINE#         311
  C:0D5DH         LINE#         313
  C:0D5DH         LINE#         314
  C:0D65H         LINE#         315
  C:0D6AH         LINE#         316
  C:0D6CH         LINE#         318
  C:0D6CH         LINE#         319
  C:0D74H         LINE#         320
  C:0D79H         LINE#         321
  C:0D7BH         LINE#         323
  C:0D7BH         LINE#         324
  C:0D83H         LINE#         325
  C:0D9CH         LINE#         326
  C:0D9CH         LINE#         327
  C:0D9CH         LINE#         328
  -------         ENDPROC       PWM_MODE_HANDLE
  -------         ENDMOD        PWM

  -------         MODULE        ADC
  C:0000H         SYMBOL        _ICE_DUMMY_
  X:62B3H         PUBLIC        adc_val_from_temp
  C:1961H         PUBLIC        adc_config
  C:170CH         PUBLIC        _adc_channel_sel
  X:62B5H         PUBLIC        adc_engine_val_buff_index
  C:1911H         PUBLIC        adc_pin_config
  X:62B6H         PUBLIC        adc_engine_val_buff
  D:0099H         PUBLIC        ADC_CHS0
  D:0093H         PUBLIC        ADC_DATAH0
  C:174BH         PUBLIC        fan_scan
  C:1043H         PUBLIC        temperature_scan
  D:00A8H         PUBLIC        IE0
  D:00A9H         PUBLIC        IE1
  X:62D6H         PUBLIC        adc_val_from_engine
  D:00AAH         PUBLIC        IE2
  X:62D8H         PUBLIC        temp_status
  D:0094H         PUBLIC        ADC_DATAL0
  D:00ABH         PUBLIC        IE3
  D:00B8H         PUBLIC        IP0
  D:00B1H         PUBLIC        IP1
  D:00B2H         PUBLIC        IP2
BL51 BANKED LINKER/LOCATER V6.22.4.0                                                  07/13/2026  17:35:38  PAGE 13


  D:00B3H         PUBLIC        IP3
  D:00B4H         PUBLIC        IP4
  D:00B5H         PUBLIC        IP5
  D:00B6H         PUBLIC        IP6
  B:0020H.6       PUBLIC        flag_tim_scan_fan_is_err
  D:00B7H         PUBLIC        IP7
  C:0B49H         PUBLIC        ADC_IRQHandler
  C:1949H         PUBLIC        get_voltage_from_pin
  X:62D9H         PUBLIC        cur_adc_status
  X:62DAH         PUBLIC        cur_fan_status
  X:62DBH         PUBLIC        adc_val_from_knob
  B:00A8H.7       PUBLIC        IE_EA
  C:1833H         PUBLIC        set_duty
  X:62DDH         PUBLIC        adc_val_from_fan
  C:17FDH         SYMBOL        Com0057
  C:17FDH         SYMBOL        L?0088
  C:1804H         SYMBOL        L?0089
  C:1806H         SYMBOL        L?0090
  C:1812H         SYMBOL        L?0091
  C:1816H         SYMBOL        L?0092
  C:181EH         SYMBOL        L?0093
  C:182BH         SYMBOL        L?0094
  C:182BH         SYMBOL        L?0095
  -------         PROC          COM0057
  -------         ENDPROC       COM0057
  -------         PROC          ADC_PIN_CONFIG
  C:1911H         LINE#         21
  C:1911H         LINE#         22
  C:1911H         LINE#         24
  C:1917H         LINE#         27
  C:191DH         LINE#         30
  C:1923H         LINE#         31
  C:1928H         LINE#         32
  C:192DH         LINE#         33
  -------         ENDPROC       ADC_PIN_CONFIG
  -------         PROC          ADC_CONFIG
  C:1961H         LINE#         35
  C:1961H         LINE#         36
  C:1961H         LINE#         37
  C:1964H         LINE#         38
  C:1966H         LINE#         39
  C:196CH         LINE#         41
  -------         ENDPROC       ADC_CONFIG
  -------         PROC          _ADC_CHANNEL_SEL
  D:0007H         SYMBOL        adc_sel_pin
  C:170CH         LINE#         44
  C:170CH         LINE#         45
  C:170CH         LINE#         46
  C:1718H         LINE#         47
  C:1718H         LINE#         48
  C:1718H         LINE#         49
  C:1718H         LINE#         51
  C:171FH         LINE#         52
  C:1722H         LINE#         54
  C:1725H         LINE#         57
  C:1728H         LINE#         59
  C:1728H         LINE#         60
BL51 BANKED LINKER/LOCATER V6.22.4.0                                                  07/13/2026  17:35:38  PAGE 14


  C:172AH         LINE#         62
  C:172AH         LINE#         63
  C:172AH         LINE#         64
  C:1730H         LINE#         65
  C:1730H         LINE#         67
  C:1733H         LINE#         71
  C:1736H         LINE#         73
  C:1736H         LINE#         74
  C:1738H         LINE#         76
  C:1738H         LINE#         77
  C:1738H         LINE#         78
  C:173EH         LINE#         79
  C:173EH         LINE#         81
  C:1741H         LINE#         85
  C:1744H         LINE#         87
  C:1744H         LINE#         88
  C:1744H         LINE#         90
  C:1744H         LINE#         91
  C:1744H         LINE#         92
  C:1744H         LINE#         94
  C:174AH         LINE#         96
  -------         ENDPROC       _ADC_CHANNEL_SEL
  -------         PROC          GET_VOLTAGE_FROM_PIN
  C:1949H         LINE#         98
  C:1949H         LINE#         99
  C:1949H         LINE#         100
  -------         ENDPROC       GET_VOLTAGE_FROM_PIN
  -------         PROC          TEMPERATURE_SCAN
  -------         DO            
  X:6302H         SYMBOL        voltage
  -------         DO            
  X:62A7H         SYMBOL        cnt
  X:62A8H         SYMBOL        cnt
  -------         ENDDO         
  -------         DO            
  X:62A8H         SYMBOL        cnt
  -------         ENDDO         
  -------         DO            
  B:0020H.5       SYMBOL        tmr1_is_open
  -------         DO            
  X:62A9H         SYMBOL        cnt
  -------         ENDDO         
  -------         ENDDO         
  -------         ENDDO         
  C:1043H         LINE#         104
  C:1043H         LINE#         105
  C:1043H         LINE#         106
  C:104DH         LINE#         109
  C:1058H         LINE#         110
  C:1058H         LINE#         112
  C:1058H         LINE#         114
  C:1058H         LINE#         117
  C:105EH         LINE#         118
  C:1067H         LINE#         119
  C:1067H         LINE#         121
  C:1067H         LINE#         123
  C:1069H         LINE#         124
BL51 BANKED LINKER/LOCATER V6.22.4.0                                                  07/13/2026  17:35:38  PAGE 15


  C:1069H         LINE#         126
  C:1072H         LINE#         134
  C:1078H         LINE#         135
  C:1078H         LINE#         138
  C:1081H         LINE#         139
  C:1081H         LINE#         140
  C:1087H         LINE#         141
  C:1089H         LINE#         143
  C:1089H         LINE#         144
  C:108EH         LINE#         145
  C:108EH         LINE#         147
  C:1098H         LINE#         148
  C:1098H         LINE#         149
  C:1099H         LINE#         151
  C:109EH         LINE#         152
  C:109FH         LINE#         154
  C:109FH         LINE#         155
  C:10A3H         LINE#         156
  C:10A4H         LINE#         159
  C:10A4H         LINE#         160
  C:10ACH         LINE#         161
  C:10ACH         LINE#         165
  C:10AFH         LINE#         166
  C:10AFH         LINE#         167
  C:10B1H         LINE#         168
  C:10BBH         LINE#         169
  C:10BEH         LINE#         170
  C:10BEH         LINE#         173
  C:10CFH         LINE#         174
  C:10CFH         LINE#         177
  C:10D8H         LINE#         178
  C:10D8H         LINE#         179
  C:10DEH         LINE#         180
  C:10E0H         LINE#         182
  C:10E0H         LINE#         183
  C:10E5H         LINE#         184
  C:10E5H         LINE#         186
  C:10EEH         LINE#         187
  C:10EEH         LINE#         188
  C:10F0H         LINE#         189
  C:10F6H         LINE#         190
  C:10F9H         LINE#         191
  C:1103H         LINE#         192
  C:1105H         LINE#         193
  C:1106H         LINE#         195
  C:1106H         LINE#         196
  C:110CH         LINE#         197
  C:110CH         LINE#         200
  C:110CH         LINE#         201
  C:110CH         LINE#         202
  -------         ENDPROC       TEMPERATURE_SCAN
  -------         PROC          SET_DUTY
  C:1833H         LINE#         205
  C:1833H         LINE#         206
  C:1833H         LINE#         208
  C:1839H         LINE#         209
  C:1839H         LINE#         210
BL51 BANKED LINKER/LOCATER V6.22.4.0                                                  07/13/2026  17:35:38  PAGE 16


  C:183CH         LINE#         211
  C:183CH         LINE#         212
  C:183EH         LINE#         213
  C:1841H         LINE#         214
  C:1841H         LINE#         215
  C:1841H         LINE#         216
  C:1848H         LINE#         217
  C:1848H         LINE#         218
  C:1852H         LINE#         219
  C:1853H         LINE#         220
  C:185AH         LINE#         221
  C:185AH         LINE#         222
  C:1864H         LINE#         223
  C:1864H         LINE#         224
  -------         ENDPROC       SET_DUTY
  -------         PROC          FAN_SCAN
  -------         DO            
  D:0006H         SYMBOL        adc_val
  -------         ENDDO         
  C:174BH         LINE#         226
  C:174BH         LINE#         227
  C:174BH         LINE#         228
  C:1753H         LINE#         234
  C:1759H         LINE#         235
  C:1759H         LINE#         236
  C:1762H         LINE#         237
  C:1762H         LINE#         238
  C:1764H         LINE#         239
  C:1766H         LINE#         241
  C:1766H         LINE#         243
  C:1768H         LINE#         244
  C:1768H         LINE#         247
  C:1772H         LINE#         248
  C:1773H         LINE#         250
  C:1773H         LINE#         252
  C:177CH         LINE#         253
  C:177CH         LINE#         254
  C:177EH         LINE#         255
  C:177EH         LINE#         258
  C:1788H         LINE#         259
  C:1788H         LINE#         260
  -------         ENDPROC       FAN_SCAN
  -------         PROC          ADC_IRQHANDLER
  -------         DO            
  X:630AH         SYMBOL        adc_val
  -------         DO            
  X:62AAH         SYMBOL        i
  X:62ABH         SYMBOL        g_tmpbuff
  X:62AFH         SYMBOL        g_adcmax
  X:62B1H         SYMBOL        g_adcmin
  -------         ENDDO         
  -------         ENDDO         
  C:0B49H         LINE#         262
  C:0B66H         LINE#         265
  C:0B66H         LINE#         270
  C:0B6FH         LINE#         271
  C:0B6FH         LINE#         272
BL51 BANKED LINKER/LOCATER V6.22.4.0                                                  07/13/2026  17:35:38  PAGE 17


  C:0B89H         LINE#         273
  C:0B8DH         LINE#         275
  C:0B98H         LINE#         276
  C:0B98H         LINE#         284
  C:0B9DH         LINE#         285
  C:0B9DH         LINE#         286
  C:0BA0H         LINE#         288
  C:0BA6H         LINE#         289
  C:0BA6H         LINE#         290
  C:0BB2H         LINE#         291
  C:0BBEH         LINE#         292
  C:0BCAH         LINE#         293
  C:0BD6H         LINE#         294
  C:0BF9H         LINE#         295
  C:0BF9H         LINE#         297
  C:0BFEH         LINE#         298
  C:0C04H         LINE#         299
  C:0C04H         LINE#         301
  C:0C09H         LINE#         302
  C:0C09H         LINE#         303
  C:0C22H         LINE#         304
  C:0C28H         LINE#         307
  C:0C2DH         LINE#         308
  C:0C33H         LINE#         309
  C:0C3BH         LINE#         310
  C:0C45H         LINE#         312
  C:0C45H         LINE#         313
  C:0C47H         LINE#         314
  C:0C4EH         LINE#         315
  C:0C4EH         LINE#         317
  C:0C58H         LINE#         319
  C:0C5AH         LINE#         320
  C:0C61H         LINE#         321
  C:0C61H         LINE#         323
  C:0C70H         LINE#         325
  C:0C70H         LINE#         326
  C:0C70H         LINE#         329
  C:0C70H         LINE#         330
  -------         ENDPROC       ADC_IRQHANDLER
  -------         ENDMOD        ADC

  -------         MODULE        TIME0
  C:0000H         SYMBOL        _ICE_DUMMY_
  C:130FH         PUBLIC        TIMR0_IRQHandler
  D:00D1H         PUBLIC        TMR_ALLCON
  D:00A8H         PUBLIC        IE0
  D:00A9H         PUBLIC        IE1
  D:00AAH         PUBLIC        IE2
  D:00ABH         PUBLIC        IE3
  D:00B8H         PUBLIC        IP0
  D:00B1H         PUBLIC        IP1
  D:00B2H         PUBLIC        IP2
  D:00B3H         PUBLIC        IP3
  D:00B4H         PUBLIC        IP4
  D:00B5H         PUBLIC        IP5
  D:00B6H         PUBLIC        IP6
  D:00B7H         PUBLIC        IP7
BL51 BANKED LINKER/LOCATER V6.22.4.0                                                  07/13/2026  17:35:38  PAGE 18


  C:192EH         PUBLIC        tmr0_config
  B:00A8H.7       PUBLIC        IE_EA
  -------         PROC          TMR0_CONFIG
  C:192EH         LINE#         9
  C:192EH         LINE#         10
  C:192EH         LINE#         11
  C:1931H         LINE#         12
  C:1933H         LINE#         16
  C:1936H         LINE#         17
  C:193BH         LINE#         18
  C:193FH         LINE#         19
  C:1944H         LINE#         20
  C:1948H         LINE#         21
  -------         ENDPROC       TMR0_CONFIG
  -------         PROC          TIMR0_IRQHANDLER
  -------         DO            
  X:6314H         SYMBOL        fan_normal_cnt
  X:6316H         SYMBOL        fan_err_cnt
  -------         ENDDO         
  C:130FH         LINE#         54
  C:131CH         LINE#         57
  C:131CH         LINE#         62
  C:1322H         LINE#         63
  C:1322H         LINE#         64
  C:1326H         LINE#         73
  C:1328H         LINE#         75
  C:1331H         LINE#         76
  C:1331H         LINE#         77
  C:1334H         LINE#         78
  C:1334H         LINE#         81
  C:1334H         LINE#         85
  C:1337H         LINE#         86
  C:1337H         LINE#         87
  C:1345H         LINE#         88
  C:134CH         LINE#         90
  C:135BH         LINE#         91
  C:135BH         LINE#         92
  C:135FH         LINE#         93
  C:1364H         LINE#         94
  C:1364H         LINE#         95
  C:1366H         LINE#         97
  C:1366H         LINE#         98
  C:1374H         LINE#         99
  C:137BH         LINE#         101
  C:138AH         LINE#         102
  C:138AH         LINE#         103
  C:138EH         LINE#         104
  C:1392H         LINE#         105
  C:1392H         LINE#         106
  C:1392H         LINE#         107
  C:1392H         LINE#         108
  C:1392H         LINE#         111
  C:1392H         LINE#         112
  -------         ENDPROC       TIMR0_IRQHANDLER
  -------         ENDMOD        TIME0

  -------         MODULE        DEBUG
BL51 BANKED LINKER/LOCATER V6.22.4.0                                                  07/13/2026  17:35:38  PAGE 19


  C:0000H         SYMBOL        _ICE_DUMMY_
  -------         ENDMOD        DEBUG

  -------         MODULE        TIMER1
  C:0000H         SYMBOL        _ICE_DUMMY_
  C:166DH         PUBLIC        TIMR1_IRQHandler
  X:6318H         PUBLIC        tmr1_cnt
  D:00A8H         PUBLIC        IE0
  C:1985H         PUBLIC        tmr1_disable
  D:00A9H         PUBLIC        IE1
  D:00AAH         PUBLIC        IE2
  D:00ABH         PUBLIC        IE3
  D:00B8H         PUBLIC        IP0
  D:00B1H         PUBLIC        IP1
  D:00B2H         PUBLIC        IP2
  D:00B3H         PUBLIC        IP3
  D:00B4H         PUBLIC        IP4
  D:00B5H         PUBLIC        IP5
  D:00B6H         PUBLIC        IP6
  D:00B7H         PUBLIC        IP7
  C:19E2H         PUBLIC        tmr1_enable
  C:1789H         PUBLIC        tmr1_config
  B:00A8H.7       PUBLIC        IE_EA
  C:1A13H         SYMBOL        Com004E
  C:1A13H         SYMBOL        L?0079
  C:1A13H         SYMBOL        L?0080
  -------         PROC          COM004E
  -------         ENDPROC       COM004E
  -------         PROC          TMR1_CONFIG
  C:1789H         LINE#         11
  C:1789H         LINE#         12
  C:1789H         LINE#         13
  C:178FH         LINE#         15
  C:1795H         LINE#         18
  C:1799H         LINE#         19
  C:179DH         LINE#         20
  C:17A1H         LINE#         22
  C:17A6H         LINE#         23
  C:17AAH         LINE#         26
  C:17AFH         LINE#         27
  C:17B3H         LINE#         30
  C:17B7H         LINE#         31
  C:17B9H         LINE#         33
  C:17B9H         LINE#         35
  C:17BFH         LINE#         38
  C:17C2H         LINE#         39
  C:17C4H         LINE#         40
  -------         ENDPROC       TMR1_CONFIG
  -------         PROC          TMR1_ENABLE
  C:19E2H         LINE#         45
  C:19E2H         LINE#         46
  C:19E2H         LINE#         48
  C:19E2H         LINE#         49
  C:19E8H         LINE#         51
  C:19EBH         LINE#         52
  C:19EDH         LINE#         53
  -------         ENDPROC       TMR1_ENABLE
BL51 BANKED LINKER/LOCATER V6.22.4.0                                                  07/13/2026  17:35:38  PAGE 20


  -------         PROC          TMR1_DISABLE
  C:1985H         LINE#         58
  C:1985H         LINE#         59
  C:1985H         LINE#         61
  C:1985H         LINE#         62
  C:198BH         LINE#         65
  C:198FH         LINE#         66
  C:1991H         LINE#         68
  C:1994H         LINE#         69
  -------         ENDPROC       TMR1_DISABLE
  -------         PROC          TIMR1_IRQHANDLER
  C:166DH         LINE#         72
  C:1684H         LINE#         75
  C:1684H         LINE#         80
  C:168AH         LINE#         81
  C:168AH         LINE#         82
  C:168EH         LINE#         86
  C:16ADH         LINE#         87
  C:16ADH         LINE#         90
  C:16ADH         LINE#         91
  -------         ENDPROC       TIMR1_IRQHANDLER
  -------         ENDMOD        TIMER1

  -------         MODULE        TIMER2
  C:0000H         SYMBOL        _ICE_DUMMY_
  C:05EEH         PUBLIC        TIMR2_IRQHandler
  B:0020H.2       PUBLIC        pwm_mode_pulse_dir
  D:00D1H         PUBLIC        TMR_ALLCON
  X:62FAH         PUBLIC        pwm_mode_pulse_cnt
  B:0020H.3       PUBLIC        flag_is_pwm_add_time_comes
  X:62FCH         SYMBOL        pwm_duty_add_cnt
  C:18D1H         PUBLIC        timer2_config
  B:0080H.3       PUBLIC        P03
  D:00A8H         PUBLIC        IE0
  D:00A9H         PUBLIC        IE1
  D:00AAH         PUBLIC        IE2
  D:00ABH         PUBLIC        IE3
  B:0020H.4       PUBLIC        flag_is_pwm_sub_time_comes
  D:00B8H         PUBLIC        IP0
  D:00B1H         PUBLIC        IP1
  D:00B2H         PUBLIC        IP2
  D:00B3H         PUBLIC        IP3
  D:00B4H         PUBLIC        IP4
  D:00B5H         PUBLIC        IP5
  D:00B6H         PUBLIC        IP6
  D:00B7H         PUBLIC        IP7
  X:62FEH         SYMBOL        pwm_duty_sub_cnt
  X:6300H         SYMBOL        pwm_duty_change_cnt
  B:00A8H.7       PUBLIC        IE_EA
  C:16C2H         SYMBOL        Com004A
  C:16C2H         SYMBOL        L?0075
  C:16C2H         SYMBOL        L?0076
  C:16C5H         SYMBOL        L?0077
  C:16D0H         SYMBOL        L?0078
  C:16D2H         SYMBOL        L?0079
  C:16D4H         SYMBOL        L?0080
  C:16DAH         SYMBOL        L?0081
BL51 BANKED LINKER/LOCATER V6.22.4.0                                                  07/13/2026  17:35:38  PAGE 21


  C:16DAH         SYMBOL        L?0082
  C:16E3H         SYMBOL        L?0083
  C:16E3H         SYMBOL        L?0084
  C:16ECH         SYMBOL        L?0085
  C:16F7H         SYMBOL        L?0086
  C:1702H         SYMBOL        L?0087
  -------         PROC          COM004A
  -------         ENDPROC       COM004A
  -------         PROC          TIMER2_CONFIG
  C:18D1H         LINE#         21
  C:18D1H         LINE#         22
  C:18D1H         LINE#         23
  C:18D4H         LINE#         24
  C:18D6H         LINE#         27
  C:18D9H         LINE#         28
  C:18DEH         LINE#         29
  C:18E4H         LINE#         30
  C:18EAH         LINE#         31
  C:18F0H         LINE#         37
  -------         ENDPROC       TIMER2_CONFIG
  -------         PROC          TIMR2_IRQHANDLER
  -------         DO            
  X:62F3H         SYMBOL        rf_bit_cnt
  X:62F4H         SYMBOL        __rf_data
  B:0020H.0       SYMBOL        __flag_is_recved_data
  X:62F8H         SYMBOL        low_level_cnt
  X:62F9H         SYMBOL        high_level_cnt
  B:0020H.1       SYMBOL        last_lev
  -------         ENDDO         
  C:05EEH         LINE#         40
  C:060BH         LINE#         43
  C:060BH         LINE#         47
  C:0615H         LINE#         48
  C:0615H         LINE#         49
  C:0619H         LINE#         54
  C:0627H         LINE#         55
  C:0635H         LINE#         56
  C:0643H         LINE#         58
  C:0652H         LINE#         60
  C:0652H         LINE#         61
  C:0656H         LINE#         62
  C:0658H         LINE#         63
  C:0658H         LINE#         66
  C:0667H         LINE#         67
  C:0667H         LINE#         68
  C:066BH         LINE#         69
  C:066DH         LINE#         70
  C:066DH         LINE#         73
  C:066DH         LINE#         84
  C:0670H         LINE#         85
  C:0670H         LINE#         87
  C:0679H         LINE#         88
  C:0679H         LINE#         89
  C:067CH         LINE#         90
  C:067CH         LINE#         92
  C:067FH         LINE#         93
  C:067FH         LINE#         95
BL51 BANKED LINKER/LOCATER V6.22.4.0                                                  07/13/2026  17:35:38  PAGE 22


  C:0684H         LINE#         96
  C:0686H         LINE#         97
  C:0686H         LINE#         102
  C:068EH         LINE#         103
  C:068EH         LINE#         105
  C:069AH         LINE#         106
  C:069AH         LINE#         107
  C:06A5H         LINE#         108
  C:06A5H         LINE#         109
  C:06ABH         LINE#         110
  C:06ADH         LINE#         111
  C:06B7H         LINE#         112
  C:06B7H         LINE#         113
  C:06B7H         LINE#         115
  C:06BCH         LINE#         116
  C:06BEH         LINE#         117
  C:06BEH         LINE#         118
  C:06C1H         LINE#         120
  C:06C1H         LINE#         121
  C:06C6H         LINE#         122
  C:06C6H         LINE#         123
  C:06C9H         LINE#         125
  C:06C9H         LINE#         127
  C:06D2H         LINE#         128
  C:06D2H         LINE#         129
  C:06D5H         LINE#         130
  C:06D5H         LINE#         132
  C:06D8H         LINE#         133
  C:06D8H         LINE#         135
  C:06DAH         LINE#         137
  C:06DFH         LINE#         139
  C:06EEH         LINE#         140
  C:06EEH         LINE#         142
  C:06F4H         LINE#         143
  C:06F4H         LINE#         144
  C:06F9H         LINE#         145
  C:06F9H         LINE#         146
  C:06F9H         LINE#         147
  C:06F9H         LINE#         148
  C:06FBH         LINE#         149
  C:0709H         LINE#         150
  C:0709H         LINE#         153
  C:0711H         LINE#         154
  C:0711H         LINE#         155
  C:0716H         LINE#         156
  C:0716H         LINE#         157
  C:0723H         LINE#         158
  C:0723H         LINE#         159
  C:0725H         LINE#         161
  C:0725H         LINE#         162
  C:072FH         LINE#         163
  C:0734H         LINE#         164
  C:0734H         LINE#         166
  C:073BH         LINE#         167
  C:073BH         LINE#         169
  C:073DH         LINE#         170
  C:073DH         LINE#         173
BL51 BANKED LINKER/LOCATER V6.22.4.0                                                  07/13/2026  17:35:38  PAGE 23


  C:0742H         LINE#         174
  C:0742H         LINE#         175
  C:0742H         LINE#         177
  C:0745H         LINE#         178
  C:0745H         LINE#         179
  C:074AH         LINE#         180
  C:074CH         LINE#         181
  C:0750H         LINE#         182
  C:0752H         LINE#         185
  C:075CH         LINE#         186
  C:075EH         LINE#         187
  C:075EH         LINE#         188
  C:075EH         LINE#         197
  C:076DH         LINE#         199
  C:076DH         LINE#         200
  C:0771H         LINE#         202
  C:0774H         LINE#         203
  C:0774H         LINE#         207
  C:077DH         LINE#         208
  C:077DH         LINE#         209
  C:078BH         LINE#         210
  C:078DH         LINE#         211
  C:0796H         LINE#         212
  C:0796H         LINE#         213
  C:07A4H         LINE#         214
  C:07A4H         LINE#         219
  C:07ADH         LINE#         220
  C:07ADH         LINE#         221
  C:07BBH         LINE#         222
  C:07BDH         LINE#         223
  C:07C6H         LINE#         224
  C:07C6H         LINE#         225
  C:07D4H         LINE#         226
  C:07D4H         LINE#         228
  C:07DAH         LINE#         229
  C:07E0H         LINE#         253
  C:07E0H         LINE#         259
  C:07E0H         LINE#         358
  C:07E0H         LINE#         361
  C:07E0H         LINE#         362
  -------         ENDPROC       TIMR2_IRQHANDLER
  -------         ENDMOD        TIMER2

  -------         MODULE        KNOB_DIMMING
  C:0000H         SYMBOL        _ICE_DUMMY_
  -------         ENDMOD        KNOB_DIMMING

  -------         MODULE        RF_RECV
  C:0000H         SYMBOL        _ICE_DUMMY_
  C:14ADH         SYMBOL        rf_key_get_key_id
  C:19BDH         PUBLIC        rf_recv_init
  X:626CH         PUBLIC        rf_key_para
  C:17C5H         SYMBOL        _rf_key_get_event
  C:0D9DH         PUBLIC        rf_key_handle
  X:627FH         PUBLIC        rf_data
  B:0021H.3       PUBLIC        flag_is_recved_rf_data
  X:6283H         SYMBOL        rf_key_event_table
BL51 BANKED LINKER/LOCATER V6.22.4.0                                                  07/13/2026  17:35:38  PAGE 24


  C:18F1H         SYMBOL        Com0025
  C:18F1H         SYMBOL        L?0038
  C:1902H         SYMBOL        L?0039
  -------         PROC          COM0025
  -------         ENDPROC       COM0025
  -------         PROC          RF_KEY_GET_KEY_ID
  -------         DO            
  X:6268H         SYMBOL        last_key
  X:6269H         SYMBOL        cur_key
  X:626AH         SYMBOL        timeout_cnt
  -------         ENDDO         
  C:14ADH         LINE#         75
  C:14ADH         LINE#         76
  C:14ADH         LINE#         87
  C:14B0H         LINE#         88
  C:14B0H         LINE#         89
  C:14B2H         LINE#         91
  C:14BBH         LINE#         96
  C:14CDH         LINE#         97
  C:14CDH         LINE#         98
  C:14D4H         LINE#         99
  C:14D4H         LINE#         101
  C:14D8H         LINE#         102
  C:14DDH         LINE#         104
  C:14DFH         LINE#         106
  C:14DFH         LINE#         108
  C:14DFH         LINE#         110
  C:14DFH         LINE#         111
  C:14E1H         LINE#         113
  C:14E1H         LINE#         117
  C:14EEH         LINE#         118
  C:14EFH         LINE#         120
  C:14EFH         LINE#         121
  C:14F1H         LINE#         123
  C:14F1H         LINE#         126
  C:1500H         LINE#         127
  C:1500H         LINE#         128
  C:150CH         LINE#         129
  C:1512H         LINE#         131
  C:1514H         LINE#         133
  C:1514H         LINE#         135
  C:151AH         LINE#         136
  C:151EH         LINE#         138
  C:151EH         LINE#         139
  C:151EH         LINE#         146
  C:1523H         LINE#         147
  -------         ENDPROC       RF_KEY_GET_KEY_ID
  -------         PROC          _RF_KEY_GET_EVENT
  D:0007H         SYMBOL        key_val
  D:0005H         SYMBOL        key_event
  -------         DO            
  X:6302H         SYMBOL        ret_key_event
  D:0006H         SYMBOL        key_event_index
  D:0004H         SYMBOL        i
  -------         ENDDO         
  C:17C5H         LINE#         156
  C:17C5H         LINE#         157
BL51 BANKED LINKER/LOCATER V6.22.4.0                                                  07/13/2026  17:35:38  PAGE 25


  C:17C5H         LINE#         158
  C:17CAH         LINE#         159
  C:17CBH         LINE#         160
  C:17CBH         LINE#         177
  C:17CFH         LINE#         178
  C:17CFH         LINE#         179
  C:17D0H         LINE#         180
  C:17D2H         LINE#         182
  C:17D2H         LINE#         183
  C:17D5H         LINE#         184
  C:17D5H         LINE#         186
  C:17D7H         LINE#         187
  C:17D7H         LINE#         189
  C:17DEH         LINE#         190
  C:17DEH         LINE#         191
  C:17F0H         LINE#         192
  C:17F2H         LINE#         193
  C:17F2H         LINE#         194
  C:17F7H         LINE#         196
  C:17FCH         LINE#         197
  -------         ENDPROC       _RF_KEY_GET_EVENT
  -------         PROC          RF_KEY_HANDLE
  -------         DO            
  D:0007H         SYMBOL        rf_key_event
  -------         ENDDO         
  C:0D9DH         LINE#         200
  C:0D9DH         LINE#         201
  C:0D9DH         LINE#         202
  C:0D9DH         LINE#         205
  C:0DA7H         LINE#         206
  C:0DA7H         LINE#         208
  C:0DA7H         LINE#         211
  C:0DAFH         LINE#         214
  C:0DB4H         LINE#         218
  C:0DE0H         LINE#         219
  C:0DE0H         LINE#         220
  C:0DE0H         LINE#         223
  C:0DE0H         LINE#         225
  C:0DE6H         LINE#         226
  C:0DE6H         LINE#         227
  C:0DE8H         LINE#         229
  C:0DE8H         LINE#         232
  C:0DE8H         LINE#         234
  C:0DEEH         LINE#         235
  C:0DEEH         LINE#         236
  C:0DF0H         LINE#         238
  C:0DF0H         LINE#         241
  C:0DF0H         LINE#         243
  C:0DF6H         LINE#         244
  C:0DF6H         LINE#         245
  C:0DF8H         LINE#         247
  C:0DF8H         LINE#         250
  C:0DF8H         LINE#         252
  C:0DFEH         LINE#         253
  C:0DFEH         LINE#         254
  C:0E00H         LINE#         256
  C:0E00H         LINE#         259
BL51 BANKED LINKER/LOCATER V6.22.4.0                                                  07/13/2026  17:35:38  PAGE 26


  C:0E00H         LINE#         261
  C:0E06H         LINE#         262
  C:0E06H         LINE#         263
  C:0E08H         LINE#         265
  C:0E08H         LINE#         268
  C:0E08H         LINE#         270
  C:0E0EH         LINE#         271
  C:0E0EH         LINE#         272
  C:0E10H         LINE#         274
  C:0E10H         LINE#         277
  C:0E10H         LINE#         279
  C:0E15H         LINE#         280
  C:0E15H         LINE#         281
  C:0E17H         LINE#         283
  C:0E17H         LINE#         286
  C:0E17H         LINE#         288
  C:0E1DH         LINE#         289
  C:0E1DH         LINE#         290
  C:0E1FH         LINE#         292
  C:0E1FH         LINE#         295
  C:0E1FH         LINE#         297
  C:0E25H         LINE#         298
  C:0E25H         LINE#         299
  C:0E27H         LINE#         301
  C:0E27H         LINE#         304
  C:0E27H         LINE#         306
  C:0E2DH         LINE#         307
  C:0E2DH         LINE#         308
  C:0E2FH         LINE#         310
  C:0E2FH         LINE#         313
  C:0E2FH         LINE#         315
  C:0E35H         LINE#         316
  C:0E35H         LINE#         317
  C:0E37H         LINE#         319
  C:0E37H         LINE#         322
  C:0E37H         LINE#         324
  C:0E3DH         LINE#         325
  C:0E3DH         LINE#         326
  C:0E3DH         LINE#         329
  C:0E3DH         LINE#         330
  C:0E3DH         LINE#         332
  C:0E3DH         LINE#         333
  C:0E3DH         LINE#         334
  C:0E3DH         LINE#         337
  C:0E40H         LINE#         338
  C:0E53H         LINE#         339
  C:0E66H         LINE#         340
  C:0E75H         LINE#         341
  C:0E84H         LINE#         342
  C:0E8FH         LINE#         343
  C:0E9AH         LINE#         346
  -------         ENDPROC       RF_KEY_HANDLE
  -------         PROC          RF_RECV_INIT
  C:19BDH         LINE#         348
  C:19BDH         LINE#         349
  C:19BDH         LINE#         358
  C:19C3H         LINE#         359
BL51 BANKED LINKER/LOCATER V6.22.4.0                                                  07/13/2026  17:35:38  PAGE 27


  C:19C9H         LINE#         362
  -------         ENDPROC       RF_RECV_INIT
  -------         ENDMOD        RF_RECV

  -------         MODULE        KEY_DRIVER
  C:0000H         SYMBOL        _ICE_DUMMY_
  X:631CH         PUBLIC        scan_para
  C:07FBH         PUBLIC        _key_driver_scan
  X:631FH         SYMBOL        is_key_active
  C:1865H         SYMBOL        Com0021
  C:1865H         SYMBOL        L?0034
  C:1868H         SYMBOL        L?0035
  C:1869H         SYMBOL        L?0036
  C:1875H         SYMBOL        L?0037
  C:1878H         SYMBOL        L?0038
  C:187CH         SYMBOL        L?0039
  C:1882H         SYMBOL        L?0040
  C:1882H         SYMBOL        L?0041
  -------         PROC          COM0021
  -------         ENDPROC       COM0021
  -------         PROC          _KEY_DRIVER_SCAN
  D:0001H         SYMBOL        _scan_para
  -------         DO            
  X:6302H         SYMBOL        key_event
  X:6303H         SYMBOL        cur_key_value
  X:6304H         SYMBOL        key_value
  C:0998H         SYMBOL        _notify
  C:09BEH         SYMBOL        _scan_end
  -------         ENDDO         
  C:07FBH         LINE#         16
  C:07FBH         LINE#         18
  C:07FBH         LINE#         23
  C:0800H         LINE#         24
  C:0804H         LINE#         25
  C:0806H         LINE#         29
  C:0811H         LINE#         32
  C:0824H         LINE#         33
  C:0824H         LINE#         35
  C:0824H         LINE#         37
  C:082EH         LINE#         39
  C:083CH         LINE#         45
  C:0840H         LINE#         46
  C:0840H         LINE#         47
  C:0846H         LINE#         48
  C:0848H         LINE#         49
  C:084EH         LINE#         50
  C:084EH         LINE#         51
  C:0851H         LINE#         52
  C:0851H         LINE#         82
  C:0864H         LINE#         83
  C:0864H         LINE#         85
  C:086BH         LINE#         86
  C:0875H         LINE#         88
  C:0875H         LINE#         91
  C:0886H         LINE#         92
  C:0886H         LINE#         93
  C:0891H         LINE#         95
BL51 BANKED LINKER/LOCATER V6.22.4.0                                                  07/13/2026  17:35:38  PAGE 28


  C:0891H         LINE#         101
  C:089CH         LINE#         102
  C:089CH         LINE#         109
  C:08A0H         LINE#         110
  C:08A0H         LINE#         111
  C:08A7H         LINE#         112
  C:08A7H         LINE#         113
  C:08A9H         LINE#         114
  C:08AFH         LINE#         115
  C:08B2H         LINE#         117
  C:08B2H         LINE#         120
  C:08B2H         LINE#         121
  C:08BAH         LINE#         122
  C:08BAH         LINE#         123
  C:08BDH         LINE#         125
  C:08BDH         LINE#         130
  C:08C8H         LINE#         132
  C:08D0H         LINE#         133
  C:08D0H         LINE#         134
  C:08DBH         LINE#         135
  C:08E5H         LINE#         144
  C:08EBH         LINE#         145
  C:08F5H         LINE#         147
  C:08FDH         LINE#         148
  C:08FDH         LINE#         150
  C:0900H         LINE#         152
  C:0900H         LINE#         154
  C:0900H         LINE#         155
  C:0906H         LINE#         156
  C:0906H         LINE#         157
  C:0906H         LINE#         159
  C:0908H         LINE#         164
  C:0908H         LINE#         166
  C:0908H         LINE#         171
  C:090FH         LINE#         172
  C:090FH         LINE#         174
  C:0920H         LINE#         175
  C:0920H         LINE#         179
  C:0931H         LINE#         180
  C:0931H         LINE#         200
  C:0931H         LINE#         201
  C:0933H         LINE#         203
  C:0933H         LINE#         204
  C:0940H         LINE#         206
  C:0943H         LINE#         208
  C:0943H         LINE#         210
  C:0943H         LINE#         211
  C:094EH         LINE#         212
  C:0951H         LINE#         214
  C:0951H         LINE#         215
  C:0951H         LINE#         217
  C:0951H         LINE#         218
  C:0951H         LINE#         220
  C:0951H         LINE#         221
  C:0951H         LINE#         223
  C:0951H         LINE#         225
  C:095CH         LINE#         226
BL51 BANKED LINKER/LOCATER V6.22.4.0                                                  07/13/2026  17:35:38  PAGE 29


  C:095CH         LINE#         227
  C:0964H         LINE#         228
  C:0964H         LINE#         232
  C:096AH         LINE#         233
  C:096AH         LINE#         234
  C:0970H         LINE#         239
  C:0972H         LINE#         240
  C:097EH         LINE#         241
  C:097EH         LINE#         242
  C:0983H         LINE#         243
  C:0992H         LINE#         245
  C:0992H         LINE#         247
  C:0992H         LINE#         248
  C:0992H         LINE#         250
  C:0992H         LINE#         253
  C:0998H         LINE#         254
  C:0998H         LINE#         256
  C:0998H         LINE#         257
  C:0998H         LINE#         259
  C:0998H         LINE#         262
  C:0998H         LINE#         264
  C:0998H         LINE#         265
  C:09A2H         LINE#         266
  C:09AAH         LINE#         268
  C:09B4H         LINE#         269
  C:09BEH         LINE#         272
  C:09BEH         LINE#         281
  C:09BEH         LINE#         283
  C:09BEH         LINE#         284
  C:09CDH         LINE#         287
  -------         ENDPROC       _KEY_DRIVER_SCAN
  -------         ENDMOD        KEY_DRIVER

  -------         MODULE        FLASH
  C:0000H         SYMBOL        _ICE_DUMMY_
  -------         ENDMOD        FLASH

  -------         MODULE        FAN_CTL
  C:0000H         SYMBOL        _ICE_DUMMY_
  B:0090H.2       PUBLIC        P12
  C:1973H         PUBLIC        fan_ctl_config
  C:188CH         PUBLIC        fan_ctl
  -------         PROC          FAN_CTL_CONFIG
  C:1973H         LINE#         3
  C:1973H         LINE#         4
  C:1973H         LINE#         6
  C:1979H         LINE#         7
  C:197DH         LINE#         8
  C:1982H         LINE#         10
  C:1984H         LINE#         11
  -------         ENDPROC       FAN_CTL_CONFIG
  -------         PROC          FAN_CTL
  C:188CH         LINE#         14
  C:188CH         LINE#         15
  C:188CH         LINE#         18
  C:18AAH         LINE#         19
  C:18AAH         LINE#         20
BL51 BANKED LINKER/LOCATER V6.22.4.0                                                  07/13/2026  17:35:38  PAGE 30


  C:18ACH         LINE#         21
  C:18ADH         LINE#         25
  C:18ADH         LINE#         27
  C:18AFH         LINE#         28
  C:18AFH         LINE#         29
  -------         ENDPROC       FAN_CTL
  -------         ENDMOD        FAN_CTL

  -------         MODULE        TIMER3
  C:0000H         SYMBOL        _ICE_DUMMY_
  C:0E9BH         PUBLIC        TIMR3_IRQHandler
  D:00D1H         PUBLIC        TMR_ALLCON
  C:18B0H         PUBLIC        timer3_config
  D:00A8H         PUBLIC        IE0
  D:00A9H         PUBLIC        IE1
  D:00AAH         PUBLIC        IE2
  D:00ABH         PUBLIC        IE3
  D:00B8H         PUBLIC        IP0
  D:00B1H         PUBLIC        IP1
  D:00B2H         PUBLIC        IP2
  D:00B3H         PUBLIC        IP3
  D:00B4H         PUBLIC        IP4
  D:00B5H         PUBLIC        IP5
  D:00B6H         PUBLIC        IP6
  D:00B7H         PUBLIC        IP7
  B:00A8H.7       PUBLIC        IE_EA
  C:1A1BH         SYMBOL        Com0040
  C:1A1BH         SYMBOL        L?0065
  C:1A1BH         SYMBOL        L?0066
  -------         PROC          COM0040
  -------         ENDPROC       COM0040
  -------         PROC          TIMER3_CONFIG
  C:18B0H         LINE#         13
  C:18B0H         LINE#         14
  C:18B0H         LINE#         15
  C:18B3H         LINE#         16
  C:18B5H         LINE#         19
  C:18B8H         LINE#         20
  C:18BEH         LINE#         21
  C:18C4H         LINE#         22
  C:18CAH         LINE#         23
  C:18D0H         LINE#         24
  -------         ENDPROC       TIMER3_CONFIG
  -------         PROC          TIMR3_IRQHANDLER
  -------         DO            
  X:6320H         SYMBOL        cnt
  X:6321H         SYMBOL        flag_is_time_to_sync_adc_status
  -------         ENDDO         
  C:0E9BH         LINE#         26
  C:0EB8H         LINE#         29
  C:0EB8H         LINE#         32
  C:0EBFH         LINE#         33
  C:0EBFH         LINE#         36
  C:0EC2H         LINE#         38
  C:0EC2H         LINE#         40
  C:0EC9H         LINE#         43
  C:0EC9H         LINE#         46
BL51 BANKED LINKER/LOCATER V6.22.4.0                                                  07/13/2026  17:35:38  PAGE 31


  C:0ECFH         LINE#         47
  C:0ED9H         LINE#         48
  C:0ED9H         LINE#         49
  C:0EDBH         LINE#         50
  C:0EDFH         LINE#         51
  C:0EDFH         LINE#         53
  C:0EE8H         LINE#         54
  C:0EE8H         LINE#         55
  C:0EEAH         LINE#         56
  C:0EECH         LINE#         57
  C:0EEFH         LINE#         58
  C:0EEFH         LINE#         59
  C:0EEFH         LINE#         63
  C:0EF9H         LINE#         65
  C:0EF9H         LINE#         67
  C:0EFEH         LINE#         68
  C:0F04H         LINE#         69
  C:0F06H         LINE#         70
  C:0F0DH         LINE#         71
  C:0F0DH         LINE#         72
  C:0F10H         LINE#         73
  C:0F13H         LINE#         74
  C:0F15H         LINE#         75
  C:0F1CH         LINE#         76
  C:0F1CH         LINE#         78
  C:0F21H         LINE#         79
  C:0F27H         LINE#         80
  C:0F29H         LINE#         81
  C:0F30H         LINE#         82
  C:0F30H         LINE#         83
  C:0F33H         LINE#         84
  C:0F36H         LINE#         85
  C:0F38H         LINE#         86
  C:0F3FH         LINE#         87
  C:0F3FH         LINE#         89
  C:0F44H         LINE#         90
  C:0F4AH         LINE#         91
  C:0F4CH         LINE#         92
  C:0F53H         LINE#         93
  C:0F53H         LINE#         94
  C:0F56H         LINE#         95
  C:0F59H         LINE#         96
  C:0F59H         LINE#         99
  C:0F59H         LINE#         100
  -------         ENDPROC       TIMR3_IRQHANDLER
  -------         ENDMOD        TIMER3

  -------         MODULE        ENGINE
  C:0000H         SYMBOL        _ICE_DUMMY_
  X:6003H         PUBLIC        t_count
  X:6005H         PUBLIC        filter_buff
  X:6045H         PUBLIC        filter_buff_2_index
  X:6047H         PUBLIC        filter_buff_2
  X:6263H         PUBLIC        t_adc_min
  X:6265H         PUBLIC        t_adc_max
  X:6267H         PUBLIC        over_drive_status
  B:0021H.0       PUBLIC        flag_is_time_to_check_engine
BL51 BANKED LINKER/LOCATER V6.22.4.0                                                  07/13/2026  17:35:38  PAGE 32


  C:0045H         PUBLIC        according_pin9_to_adjust_pwm
  C:1429H         SYMBOL        Com003B
  C:1429H         SYMBOL        L?0060
  C:142BH         SYMBOL        L?0061
  C:142EH         SYMBOL        L?0062
  C:1430H         SYMBOL        L?0063
  C:143FH         SYMBOL        L?0064
  C:1444H         SYMBOL        L?0065
  C:1446H         SYMBOL        L?0066
  C:1451H         SYMBOL        L?0067
  C:1452H         SYMBOL        L?0068
  C:145FH         SYMBOL        L?0069
  C:1464H         SYMBOL        L?0070
  C:146BH         SYMBOL        L?0071
  C:146BH         SYMBOL        L?0072
  C:1475H         SYMBOL        L?0073
  C:1485H         SYMBOL        L?0074
  C:1485H         SYMBOL        L?0075
  C:1486H         SYMBOL        L?0076
  C:148DH         SYMBOL        L?0077
  C:149AH         SYMBOL        L?0078
  C:149AH         SYMBOL        L?0079
  C:14A1H         SYMBOL        L?0080
  -------         PROC          COM003B
  -------         ENDPROC       COM003B
  -------         PROC          ACCORDING_PIN9_TO_ADJUST_PWM
  -------         DO            
  X:6000H         SYMBOL        filter_buff_index
  X:6001H         SYMBOL        flag_is_sub_power
  X:6002H         SYMBOL        flag_is_sub_power2
  B:0020H.7       SYMBOL        flag_is_add_power
  X:6302H         SYMBOL        adc_pin_9_avg
  X:6306H         SYMBOL        adc_val
  -------         DO            
  X:6308H         SYMBOL        i
  X:6308H         SYMBOL        temp
  X:6308H         SYMBOL        i
  X:6308H         SYMBOL        i
  -------         ENDDO         
  -------         DO            
  X:6308H         SYMBOL        temp
  X:6308H         SYMBOL        i
  X:6308H         SYMBOL        i
  -------         ENDDO         
  -------         DO            
  X:6308H         SYMBOL        i
  X:6308H         SYMBOL        i
  -------         ENDDO         
  -------         DO            
  X:6308H         SYMBOL        i
  -------         ENDDO         
  -------         ENDDO         
  C:0045H         LINE#         34
  C:0045H         LINE#         35
  C:0045H         LINE#         41
  C:004FH         LINE#         42
  C:005EH         LINE#         44
BL51 BANKED LINKER/LOCATER V6.22.4.0                                                  07/13/2026  17:35:38  PAGE 33


  C:006AH         LINE#         45
  C:006AH         LINE#         46
  C:006DH         LINE#         47
  C:0077H         LINE#         48
  C:0077H         LINE#         49
  C:0087H         LINE#         50
  C:0091H         LINE#         52
  C:009EH         LINE#         53
  C:009EH         LINE#         54
  C:00A9H         LINE#         55
  C:00B3H         LINE#         56
  C:00B3H         LINE#         58
  C:00B3H         LINE#         59
  C:00C2H         LINE#         60
  C:00D6H         LINE#         61
  C:00E6H         LINE#         62
  C:00EEH         LINE#         63
  C:00F4H         LINE#         64
  C:00FAH         LINE#         65
  C:00FAH         LINE#         66
  C:00FCH         LINE#         67
  C:00FCH         LINE#         68
  C:00FCH         LINE#         70
  C:00FCH         LINE#         71
  C:00FFH         LINE#         72
  C:00FFH         LINE#         73
  C:00FFH         LINE#         74
  C:0122H         LINE#         75
  C:0136H         LINE#         78
  C:014FH         LINE#         79
  C:014FH         LINE#         82
  C:0177H         LINE#         83
  C:0185H         LINE#         84
  C:0194H         LINE#         85
  C:0194H         LINE#         86
  C:0198H         LINE#         87
  C:0198H         LINE#         89
  C:0198H         LINE#         90
  C:019BH         LINE#         91
  C:01A1H         LINE#         92
  C:01AAH         LINE#         93
  C:01B7H         LINE#         94
  C:01B7H         LINE#         95
  C:01CEH         LINE#         96
  C:01CEH         LINE#         97
  C:01DDH         LINE#         98
  C:01DDH         LINE#         99
  C:01F7H         LINE#         100
  C:01F7H         LINE#         101
  C:0206H         LINE#         102
  C:0206H         LINE#         103
  C:0224H         LINE#         104
  C:0224H         LINE#         105
  C:022AH         LINE#         106
  C:022CH         LINE#         108
  C:022CH         LINE#         109
  C:0232H         LINE#         110
BL51 BANKED LINKER/LOCATER V6.22.4.0                                                  07/13/2026  17:35:38  PAGE 34


  C:0235H         LINE#         111
  C:0235H         LINE#         112
  C:0240H         LINE#         126
  C:0240H         LINE#         129
  C:0254H         LINE#         130
  C:0254H         LINE#         132
  C:0259H         LINE#         133
  C:025BH         LINE#         134
  C:025DH         LINE#         136
  C:0264H         LINE#         137
  C:0264H         LINE#         138
  C:0267H         LINE#         139
  C:026CH         LINE#         140
  C:026CH         LINE#         141
  C:0278H         LINE#         142
  C:0278H         LINE#         144
  C:0281H         LINE#         145
  C:0281H         LINE#         146
  C:0281H         LINE#         147
  C:0281H         LINE#         148
  C:0284H         LINE#         149
  C:028DH         LINE#         150
  C:028DH         LINE#         152
  C:0293H         LINE#         153
  C:0293H         LINE#         154
  C:0295H         LINE#         155
  C:02A7H         LINE#         156
  C:02A7H         LINE#         157
  C:02B3H         LINE#         158
  C:02B3H         LINE#         159
  C:02B3H         LINE#         160
  C:02B3H         LINE#         161
  C:02B4H         LINE#         163
  C:02D5H         LINE#         164
  C:02D5H         LINE#         166
  C:02DBH         LINE#         167
  C:02DBH         LINE#         168
  C:02DDH         LINE#         170
  C:02E6H         LINE#         171
  C:02E6H         LINE#         172
  C:02E9H         LINE#         173
  C:02E9H         LINE#         175
  C:02EEH         LINE#         176
  C:02F0H         LINE#         178
  C:02F5H         LINE#         179
  C:02F5H         LINE#         180
  C:02F5H         LINE#         183
  C:02F7H         LINE#         184
  C:02FDH         LINE#         185
  C:02FDH         LINE#         186
  C:0309H         LINE#         187
  C:030AH         LINE#         189
  C:030AH         LINE#         190
  C:0314H         LINE#         191
  C:0314H         LINE#         192
  C:0314H         LINE#         193
  C:0315H         LINE#         194
BL51 BANKED LINKER/LOCATER V6.22.4.0                                                  07/13/2026  17:35:38  PAGE 35


  C:0329H         LINE#         195
  C:0329H         LINE#         197
  C:032CH         LINE#         198
  C:032CH         LINE#         199
  C:032EH         LINE#         201
  C:0334H         LINE#         202
  C:0339H         LINE#         203
  C:033BH         LINE#         205
  C:034AH         LINE#         206
  C:034AH         LINE#         207
  C:0356H         LINE#         208
  C:0357H         LINE#         210
  C:0357H         LINE#         211
  C:0360H         LINE#         212
  C:0360H         LINE#         213
  C:0360H         LINE#         214
  C:0360H         LINE#         215
  -------         ENDPROC       ACCORDING_PIN9_TO_ADJUST_PWM
  -------         ENDMOD        ENGINE

  -------         MODULE        POWER_ON
  C:0000H         SYMBOL        _ICE_DUMMY_
  C:110DH         PUBLIC        power_on_handle
  B:0021H.1       PUBLIC        flag_is_in_power_on
  B:0021H.2       PUBLIC        flag_time_comes_during_power_on
  X:630CH         SYMBOL        pwm0_power_on_step
  X:6310H         SYMBOL        pwm1_power_on_step
  C:1596H         SYMBOL        Com000C
  C:1596H         SYMBOL        L?0013
  C:1599H         SYMBOL        L?0014
  C:15A4H         SYMBOL        L?0015
  C:15BAH         SYMBOL        L?0016
  C:15CCH         SYMBOL        L?0017
  C:15DAH         SYMBOL        L?0018
  C:15E8H         SYMBOL        L?0019
  C:15F5H         SYMBOL        L?0020
  -------         PROC          COM000C
  -------         ENDPROC       COM000C
  -------         PROC          POWER_ON_HANDLE
  C:110DH         LINE#         11
  C:110DH         LINE#         12
  C:110DH         LINE#         13
  C:1114H         LINE#         14
  C:111AH         LINE#         15
  C:111CH         LINE#         17
  C:111CH         LINE#         18
  C:111CH         LINE#         20
  C:1129H         LINE#         21
  C:1129H         LINE#         23
  C:1129H         LINE#         24
  C:1129H         LINE#         26
  C:112CH         LINE#         27
  C:112CH         LINE#         28
  C:112EH         LINE#         29
  C:1139H         LINE#         30
  C:1141H         LINE#         31
  C:1141H         LINE#         32
BL51 BANKED LINKER/LOCATER V6.22.4.0                                                  07/13/2026  17:35:38  PAGE 36


  C:114AH         LINE#         34
  C:114FH         LINE#         35
  C:114FH         LINE#         36
  C:115BH         LINE#         37
  C:115BH         LINE#         38
  C:115BH         LINE#         40
  C:1169H         LINE#         41
  C:1171H         LINE#         42
  C:1171H         LINE#         43
  C:117DH         LINE#         45
  C:1183H         LINE#         46
  C:1183H         LINE#         47
  C:118FH         LINE#         48
  C:118FH         LINE#         49
  C:118FH         LINE#         50
  C:118FH         LINE#         55
  C:119AH         LINE#         56
  C:11A5H         LINE#         57
  C:11A8H         LINE#         60
  C:11B2H         LINE#         61
  C:11BDH         LINE#         62
  C:11C7H         LINE#         63
  C:11D2H         LINE#         64
  C:11D4H         LINE#         65
  -------         ENDPROC       POWER_ON_HANDLE
  -------         ENDMOD        POWER_ON

  -------         MODULE        ?C?CLDPTR
  C:0361H         PUBLIC        ?C?CLDPTR
  -------         ENDMOD        ?C?CLDPTR

  -------         MODULE        ?C?CLDOPTR
  C:037AH         PUBLIC        ?C?CLDOPTR
  -------         ENDMOD        ?C?CLDOPTR

  -------         MODULE        ?C?CILDOPTR
  C:03A7H         PUBLIC        ?C?CILDOPTR
  -------         ENDMOD        ?C?CILDOPTR

  -------         MODULE        ?C?CSTOPTR
  C:03DAH         PUBLIC        ?C?CSTOPTR
  -------         ENDMOD        ?C?CSTOPTR

  -------         MODULE        ?C?ULDIV
  C:0438H         PUBLIC        ?C?ULDIV
  -------         ENDMOD        ?C?ULDIV

  -------         MODULE        ?C?ULCMP
  C:04CAH         PUBLIC        ?C?ULCMP
  -------         ENDMOD        ?C?ULCMP

  -------         MODULE        ?C?ULSHR
  C:04DBH         PUBLIC        ?C?ULSHR
  -------         ENDMOD        ?C?ULSHR

  -------         MODULE        ?C?LSHL
  C:04EEH         PUBLIC        ?C?LSHL
BL51 BANKED LINKER/LOCATER V6.22.4.0                                                  07/13/2026  17:35:38  PAGE 37


  -------         ENDMOD        ?C?LSHL

  -------         MODULE        ?C?LSTXDATA
  C:0501H         PUBLIC        ?C?LSTXDATA
  -------         ENDMOD        ?C?LSTXDATA

  -------         MODULE        ?C?LSTKXDATA
  C:050DH         PUBLIC        ?C?LSTKXDATA
  -------         ENDMOD        ?C?LSTKXDATA

  -------         MODULE        ?C?PLDOPTR
  C:053EH         PUBLIC        ?C?PLDOPTR
  -------         ENDMOD        ?C?PLDOPTR

  -------         MODULE        ?C?CCASE
  C:056EH         PUBLIC        ?C?CCASE
  -------         ENDMOD        ?C?CCASE

  -------         MODULE        ?C?ICALL
  C:0594H         PUBLIC        ?C?ICALL
  C:0598H         PUBLIC        ?C?ICALL2
  -------         ENDMOD        ?C?ICALL

  -------         MODULE        ?C?LIMUL
  C:059AH         PUBLIC        ?C?LIMUL
  -------         ENDMOD        ?C?LIMUL

  -------         MODULE        ?C?PLDIDATA
  C:05C7H         PUBLIC        ?C?PLDIDATA
  -------         ENDMOD        ?C?PLDIDATA

  -------         MODULE        ?C?PLDXDATA
  C:05D0H         PUBLIC        ?C?PLDXDATA
  -------         ENDMOD        ?C?PLDXDATA

  -------         MODULE        ?C?PLDPDATA
  C:05D9H         PUBLIC        ?C?PLDPDATA
  -------         ENDMOD        ?C?PLDPDATA

  -------         MODULE        ?C?PLDCODE
  C:05E2H         PUBLIC        ?C?PLDCODE
  -------         ENDMOD        ?C?PLDCODE

*** WARNING L16: UNCALLED SEGMENT, IGNORED FOR OVERLAY PROCESS
    SEGMENT: ?PR?GET_PWM_CHANNEL_0_STATUS?PWM

*** WARNING L16: UNCALLED SEGMENT, IGNORED FOR OVERLAY PROCESS
    SEGMENT: ?PR?GET_PWM_CHANNEL_1_STATUS?PWM

*** WARNING L16: UNCALLED SEGMENT, IGNORED FOR OVERLAY PROCESS
    SEGMENT: ?PR?PWM_CHANNEL_0_ENABLE?PWM

*** WARNING L16: UNCALLED SEGMENT, IGNORED FOR OVERLAY PROCESS
    SEGMENT: ?PR?PWM_CHANNEL_0_DISABLE?PWM

*** WARNING L16: UNCALLED SEGMENT, IGNORED FOR OVERLAY PROCESS
    SEGMENT: ?PR?PWM_CHANNEL_1_ENABLE?PWM
BL51 BANKED LINKER/LOCATER V6.22.4.0                                                  07/13/2026  17:35:38  PAGE 38



*** WARNING L16: UNCALLED SEGMENT, IGNORED FOR OVERLAY PROCESS
    SEGMENT: ?PR?PWM_CHANNEL_1_DISABLE?PWM

*** WARNING L16: UNCALLED SEGMENT, IGNORED FOR OVERLAY PROCESS
    SEGMENT: ?PR?FAN_CTL?FAN_CTL

Program Size: data=10.4 xdata=802 code=6689
LINK/LOCATE RUN COMPLETE.  7 WARNING(S),  0 ERROR(S)
